Crear un repositorio y subir un archivo desde GIT

USUARIO - PC@DESKTOP-D04OC65 MINGW64 ~
USUARIO - PC@DESKTOP-D04OC65 MINGW64 ~
$ cd Desktop/

USUARIO - PC@DESKTOP-D04OC65 MINGW64 ~/Desktop
$ cd E
Eclipse IDE for Java Developers - 2023-03.lnk
Ejercicio1/
Ejercicios Programación/

USUARIO - PC@DESKTOP-D04OC65 MINGW64 ~/Desktop
$ cd Ejercicio1

USUARIO - PC@DESKTOP-D04OC65 MINGW64 ~/Desktop/Ejercicio1
$ git init
Initialized empty Git repository in C:/Users/USUARIO - PC/Desktop/Ejercicio1/.git/

USUARIO - PC@DESKTOP-D04OC65 MINGW64 ~/Desktop/Ejercicio1 (master)
$ git config username "ingsMauricioLopez"
error: key does not contain a section: username

USUARIO - PC@DESKTOP-D04OC65 MINGW64 ~/Desktop/Ejercicio1 (master)
$ git config user.name "ingsMauricioLopez"

USUARIO - PC@DESKTOP-D04OC65 MINGW64 ~/Desktop/Ejercicio1 (master)
$ git config user.mail "ingsmauriciolopez@gmail.com"

USUARIO - PC@DESKTOP-D04OC65 MINGW64 ~/Desktop/Ejercicio1 (master)
$ git remote add origin "https://github.com/ingsMauricioLopez/Ejercicio1"

USUARIO - PC@DESKTOP-D04OC65 MINGW64 ~/Desktop/Ejercicio1 (master)
$ git status
On branch master

No commits yet

Untracked files:
  (use "git add <file>..." to include in what will be committed)
        Intrucciones iniciales.txt

nothing added to commit but untracked files present (use "git add" to track)

USUARIO - PC@DESKTOP-D04OC65 MINGW64 ~/Desktop/Ejercicio1 (master)
$ git add Intrucciones\ iniciales.txt

USUARIO - PC@DESKTOP-D04OC65 MINGW64 ~/Desktop/Ejercicio1 (master)
$ git commit -m "commit1"
[master (root-commit) 3c421ec] commit1
 1 file changed, 50 insertions(+)
 create mode 100644 Intrucciones iniciales.txt

USUARIO - PC@DESKTOP-D04OC65 MINGW64 ~/Desktop/Ejercicio1 (master)
$ git push origin -u master
Enumerating objects: 3, done.
Counting objects: 100% (3/3), done.
Delta compression using up to 16 threads
Compressing objects: 100% (3/3), done.
Writing objects: 100% (3/3), 728 bytes | 728.00 KiB/s, done.
Total 3 (delta 0), reused 0 (delta 0), pack-reused 0
To https://github.com/ingsMauricioLopez/Ejercicio1
 * [new branch]      master -> master
branch 'master' set up to track 'origin/master'.

USUARIO - PC@DESKTOP-D04OC65 MINGW64 ~/Desktop/Ejercicio1 (master)
$

