
USUARIO - PC@DESKTOP-D04OC65 MINGW64 ~
$ cd Desktop/

USUARIO - PC@DESKTOP-D04OC65 MINGW64 ~/Desktop
$ cd prueba

USUARIO - PC@DESKTOP-D04OC65 MINGW64 ~/Desktop/prueba
$ git init
Initialized empty Git repository in C:/Users/USUARIO - PC/Desktop/Prueba/.git/

USUARIO - PC@DESKTOP-D04OC65 MINGW64 ~/Desktop/prueba (master)
$ git config user.name "ingsMauricioLopez"

USUARIO - PC@DESKTOP-D04OC65 MINGW64 ~/Desktop/prueba (master)
$ git config user.email "ingsmauriciolopez@gmail.com"

USUARIO - PC@DESKTOP-D04OC65 MINGW64 ~/Desktop/prueba (master)
$ git remote add origin "https://github.com/ingsMauricioLopez/Prueba"

USUARIO - PC@DESKTOP-D04OC65 MINGW64 ~/Desktop/prueba (master)
$ git status
On branch master

No commits yet

Untracked files:
  (use "git add <file>..." to include in what will be committed)
        Intrucciones iniciales.txt

nothing added to commit but untracked files present (use "git add" to track)

USUARIO - PC@DESKTOP-D04OC65 MINGW64 ~/Desktop/prueba (master)
$ git add Intrucciones\ iniciales.txt

USUARIO - PC@DESKTOP-D04OC65 MINGW64 ~/Desktop/prueba (master)
$ git status
On branch master

No commits yet

Changes to be committed:
  (use "git rm --cached <file>..." to unstage)
        new file:   Intrucciones iniciales.txt

USUARIO - PC@DESKTOP-D04OC65 MINGW64 ~/Desktop/prueba (master)
$ git commit -m "commit 1"
[master (root-commit) 74c31c3] commit 1
 1 file changed, 45 insertions(+)
 create mode 100644 Intrucciones iniciales.txt
